// Jest Snapshot v1, https://goo.gl/fbAQLP

exports[`renders SingleComment correctly 1`] = `
<div
  className="single-comment"
>
  <div
    className="top-content"
  >
    <img
      alt="commentUser"
      className="comment-pic"
      src="logo.png"
    />
    <div
      className="grey-box"
    >
      <p>
        Jhon
      </p>
      <p>
        first test comment
      </p>
    </div>
  </div>
  <div
    className="comment-operation"
  >
    <p>
      8/16/2021
    </p>
  </div>
</div>
`;
